#-----------------------------------------------------------
# PlanAhead v13.4
# Build 157570 by hdbuild on Fri Dec 16 12:55:36 MST 2011
# Start of session at: Tue Oct 18 09:56:56 2016
# Process ID: 2608
# Log file: C:/Users/comeng/Desktop/lab5/lab5/planAhead_run_1/planAhead.log
# Journal file: C:/Users/comeng/Desktop/lab5/lab5/planAhead_run_1/planAhead.jou
#-----------------------------------------------------------
start_gui
source C:/Users/comeng/Desktop/lab5/lab5/pa.fromHdl.tcl
set_property loc "" [get_ports [list  {x[0]}]]
startgroup
set_property loc PAD164 [get_ports {x[0]}]
endgroup
startgroup
set_property loc PAD165 [get_ports {x[1]}]
endgroup
startgroup
set_property loc PAD166 [get_ports {x[2]}]
endgroup
startgroup
set_property loc PAD171 [get_ports {x[3]}]
endgroup
startgroup
set_property loc PAD172 [get_ports {y[0]}]
endgroup
startgroup
set_property loc PAD173 [get_ports {y[1]}]
endgroup
startgroup
set_property loc PAD174 [get_ports {y[2]}]
endgroup
startgroup
set_property loc PAD179 [get_ports {y[3]}]
endgroup
startgroup
set_property loc PAD150 [get_ports {z[0]}]
endgroup
startgroup
set_property loc PAD157 [get_ports {z[1]}]
endgroup
startgroup
set_property loc PAD158 [get_ports {z[2]}]
endgroup
startgroup
set_property loc PAD159 [get_ports {z[3]}]
endgroup
startgroup
set_property loc PAD160 [get_ports {z[4]}]
endgroup
save_design
exit
stop_gui
